Compile command: iverilog -o sim_asynchronous_reset.vvp 4_bit_up_down_asynchronous_reset.v 4_bit_up_down_asynchronous_reset_tb.v
Compilation output:
Simulation command: vvp .\sim_asynchronous_reset.vvp
Simulation output:
VCD info: dumpfile 4_bit_up_down_asynchronous_reset_tb.vcd opened for output.
====================================================
Asynchronous Reset 4-bit Up/Down Counter Test     
====================================================
PASS: Test 1 | ASYNC RESET | Count=0000
PASS: Test 2 | ASYNC RESET | Count=0000

Testing all 16 UP COUNT states...
PASS: Test 3 |    UP COUNT | Count=0001
PASS: Test 4 |    UP COUNT | Count=0010
PASS: Test 5 |    UP COUNT | Count=0011
PASS: Test 6 |    UP COUNT | Count=0100
PASS: Test 7 |    UP COUNT | Count=0101
PASS: Test 8 |    UP COUNT | Count=0110
PASS: Test 9 |    UP COUNT | Count=0111
PASS: Test 10 |    UP COUNT | Count=1000
PASS: Test 11 |    UP COUNT | Count=1001
PASS: Test 12 |    UP COUNT | Count=1010
PASS: Test 13 |    UP COUNT | Count=1011
PASS: Test 14 |    UP COUNT | Count=1100
PASS: Test 15 |    UP COUNT | Count=1101
PASS: Test 16 |    UP COUNT | Count=1110
PASS: Test 17 |    UP COUNT | Count=1111
PASS: Test 18 |    UP COUNT | Count=0000

Testing all 16 DOWN COUNT states...
PASS: Test 19 |  DOWN COUNT | Count=1111
PASS: Test 20 |  DOWN COUNT | Count=1110
PASS: Test 21 |  DOWN COUNT | Count=1101
PASS: Test 22 |  DOWN COUNT | Count=1100
PASS: Test 23 |  DOWN COUNT | Count=1011
PASS: Test 24 |  DOWN COUNT | Count=1010
PASS: Test 25 |  DOWN COUNT | Count=1001
PASS: Test 26 |  DOWN COUNT | Count=1000
PASS: Test 27 |  DOWN COUNT | Count=0111
PASS: Test 28 |  DOWN COUNT | Count=0110
PASS: Test 29 |  DOWN COUNT | Count=0101
PASS: Test 30 |  DOWN COUNT | Count=0100
PASS: Test 31 |  DOWN COUNT | Count=0011
PASS: Test 32 |  DOWN COUNT | Count=0010
PASS: Test 33 |  DOWN COUNT | Count=0001
PASS: Test 34 |  DOWN COUNT | Count=0000

PASS: 34/34 asynchronous-reset tests passed.
4_bit_up_down_asynchronous_reset_tb.v:92: $finish called at 326000 (1ps)
