Compile command: iverilog -o sim_4_bit_up_down_counter.vvp 4_bit_up_down_behavioural_counter.v 4_bit_up_down_behavioural_counter_tb.v
Compilation output:
Simulation command: vvp .\sim_4_bit_up_down_counter.vvp
Simulation output:
VCD info: dumpfile 4_bit_up_down_behavioural_counter_tb.vcd opened for output.
============================================
   Exhaustive 4-bit Up/Down Counter Test   
============================================
up=1: UP COUNT | up=0: DOWN COUNT
PASS: Test 1 |      RESET | up=1 | Count=0000
PASS: Test 2 |      RESET | up=0 | Count=0000

Testing all 16 UP COUNT states...
PASS: Test 3 |   UP COUNT | up=1 | Count=0001
PASS: Test 4 |   UP COUNT | up=1 | Count=0010
PASS: Test 5 |   UP COUNT | up=1 | Count=0011
PASS: Test 6 |   UP COUNT | up=1 | Count=0100
PASS: Test 7 |   UP COUNT | up=1 | Count=0101
PASS: Test 8 |   UP COUNT | up=1 | Count=0110
PASS: Test 9 |   UP COUNT | up=1 | Count=0111
PASS: Test 10 |   UP COUNT | up=1 | Count=1000
PASS: Test 11 |   UP COUNT | up=1 | Count=1001
PASS: Test 12 |   UP COUNT | up=1 | Count=1010
PASS: Test 13 |   UP COUNT | up=1 | Count=1011
PASS: Test 14 |   UP COUNT | up=1 | Count=1100
PASS: Test 15 |   UP COUNT | up=1 | Count=1101
PASS: Test 16 |   UP COUNT | up=1 | Count=1110
PASS: Test 17 |   UP COUNT | up=1 | Count=1111
PASS: Test 18 |   UP COUNT | up=1 | Count=0000

Testing all 16 DOWN COUNT states...
PASS: Test 19 | DOWN COUNT | up=0 | Count=1111
PASS: Test 20 | DOWN COUNT | up=0 | Count=1110
PASS: Test 21 | DOWN COUNT | up=0 | Count=1101
PASS: Test 22 | DOWN COUNT | up=0 | Count=1100
PASS: Test 23 | DOWN COUNT | up=0 | Count=1011
PASS: Test 24 | DOWN COUNT | up=0 | Count=1010
PASS: Test 25 | DOWN COUNT | up=0 | Count=1001
PASS: Test 26 | DOWN COUNT | up=0 | Count=1000
PASS: Test 27 | DOWN COUNT | up=0 | Count=0111
PASS: Test 28 | DOWN COUNT | up=0 | Count=0110
PASS: Test 29 | DOWN COUNT | up=0 | Count=0101
PASS: Test 30 | DOWN COUNT | up=0 | Count=0100
PASS: Test 31 | DOWN COUNT | up=0 | Count=0011
PASS: Test 32 | DOWN COUNT | up=0 | Count=0010
PASS: Test 33 | DOWN COUNT | up=0 | Count=0001
PASS: Test 34 | DOWN COUNT | up=0 | Count=0000

PASS: 34/34 counter tests completed successfully.
4_bit_up_down_behavioural_counter_tb.v:99: $finish called at 336000 (1ps)
